// Jest Snapshot v1, https://goo.gl/fbAQLP

exports[`Board.vue to match snapshot 1`] = `
<div>
  <div class="container">
    <div class="row">
      <cell-stub></cell-stub>
      <cell-stub></cell-stub>
      <cell-stub></cell-stub>
    </div>
    <div class="row">
      <cell-stub></cell-stub>
      <cell-stub></cell-stub>
      <cell-stub></cell-stub>
    </div>
    <div class="row">
      <cell-stub></cell-stub>
      <cell-stub></cell-stub>
      <cell-stub></cell-stub>
    </div>
    <div class="hline line1"></div>
    <div class="hline line2"></div>
    <div class="vline line3"></div>
    <div class="vline line4"></div>
  </div>
  <choice-stub></choice-stub>
  <!---->
</div>
`;
